Script started on Wednesday 17 November 2021 03:35:15 PM IST

hduser@hduser-VirtualBox:~$ sudo vmhgfs-fuse .host:/sharedfolder /home/hduser/Downloads/sharedfolder/ -o allow_other
[sudo] password for hduser: 
hduser@hduser-VirtualBox:~$ start-dfs.sh
Starting namenodes on [localhost]
localhost: starting namenode, logging to /usr/local/hadoop-2.9.1/logs/hadoop-hduser-namenode-hduser-VirtualBox.out
localhost: starting datanode, logging to /usr/local/hadoop-2.9.1/logs/hadoop-hduser-datanode-hduser-VirtualBox.out
Starting secondary namenodes [0.0.0.0]
0.0.0.0: starting secondarynamenode, logging to /usr/local/hadoop-2.9.1/logs/hadoop-hduser-secondarynamenode-hduser-VirtualBox.out
hduser@hduser-VirtualBox:~$ start-yarn.sh
starting yarn daemons
starting resourcemanager, logging to /usr/local/hadoop-2.9.1/logs/yarn-hduser-resourcemanager-hduser-VirtualBox.out
localhost: starting nodemanager, logging to /usr/local/hadoop-2.9.1/logs/yarn-hduser-nodemanager-hduser-VirtualBox.out
hduser@hduser-VirtualBox:~$ hadoop fs -ls
Found 12 items
drwx------   - hduser supergroup          0 2021-11-15 20:38 .Trash
-rw-r--r--   1 hduser supergroup        158 2021-11-17 15:23 Employee.csv
drwxr-xr-x   - hduser supergroup          0 2021-11-16 23:13 json2
drwxr-xr-x   - hduser supergroup          0 2021-11-16 23:07 json3
drwxr-xr-x   - hduser supergroup          0 2021-11-15 20:34 mrdata
drwxr-xr-x   - hduser supergroup          0 2021-11-16 17:29 nyse
drwxr-xr-x   - hduser supergroup          0 2021-11-16 20:39 nysedaily_bucket
drwxr-xr-x   - hduser supergroup          0 2021-11-16 20:27 nysedaily_part
drwxr-xr-x   - hduser supergroup          0 2021-11-16 20:09 nysedaily_part1
drwxr-xr-x   - hduser supergroup          0 2021-11-16 17:29 nysediv_ext
drwxr-xr-x   - hduser supergroup          0 2021-11-15 21:06 output2
drwxr-xr-x   - hduser supergroup          0 2021-11-16 21:23 ssg1
hduser@hduser-VirtualBox:~$ hadoop fs -put /home/hduser/Downloads/sharedfolder/Employee.csv /user/hduser
hduser@hduser-VirtualBox:~$ pyspark
Python 3.5.2 (default, Nov 23 2017, 16:37:01) 
[GCC 5.4.0 20160609] on linux
Type "help", "copyright", "credits" or "license" for more information.
Setting default log level to "WARN".
To adjust logging level use sc.setLogLevel(newLevel). For SparkR, use setLogLevel(newLevel).
21/11/17 15:44:36 WARN Utils: Your hostname, hduser-VirtualBox resolves to a loopback address: 127.0.1.1; using 192.168.244.128 instead (on interface ens33)
21/11/17 15:44:36 WARN Utils: Set SPARK_LOCAL_IP if you need to bind to another address
21/11/17 15:44:38 WARN NativeCodeLoader: Unable to load native-hadoop library for your platform... using builtin-java classes where applicable
21/11/17 15:44:50 WARN ObjectStore: Failed to get database global_temp, returning NoSuchObjectException
Welcome to
      ____              __
     / __/__  ___ _____/ /__
    _\ \/ _ \/ _ `/ __/  '_/
   /__ / .__/\_,_/_/ /_/\_\   version 2.2.2
      /_/

Using Python version 3.5.2 (default, Nov 23 2017 16:37:01)
SparkSession available as 'spark'.
>>> spark.read.csv("Customer.csv").show()
Traceback (most recent call last):
  File "/usr/local/spark/python/pyspark/sql/utils.py", line 63, in deco
    return f(*a, **kw)
  File "/usr/local/spark/python/lib/py4j-0.10.7-src.zip/py4j/protocol.py", line 328, in get_return_value
py4j.protocol.Py4JJavaError: An error occurred while calling o30.csv.
: org.apache.spark.sql.AnalysisException: Path does not exist: hdfs://localhost:54310/user/hduser/Customer.csv;
	at org.apache.spark.sql.execution.datasources.DataSource$.org$apache$spark$sql$execution$datasources$DataSource$$checkAndGlobPathIfNecessary(DataSource.scala:626)
	at org.apache.spark.sql.execution.datasources.DataSource$$anonfun$14.apply(DataSource.scala:350)
	at org.apache.spark.sql.execution.datasources.DataSource$$anonfun$14.apply(DataSource.scala:350)
	at scala.collection.TraversableLike$$anonfun$flatMap$1.apply(TraversableLike.scala:241)
	at scala.collection.TraversableLike$$anonfun$flatMap$1.apply(TraversableLike.scala:241)
	at scala.collection.immutable.List.foreach(List.scala:381)
	at scala.collection.TraversableLike$class.flatMap(TraversableLike.scala:241)
	at scala.collection.immutable.List.flatMap(List.scala:344)
	at org.apache.spark.sql.execution.datasources.DataSource.resolveRelation(DataSource.scala:349)
	at org.apache.spark.sql.DataFrameReader.load(DataFrameReader.scala:178)
	at org.apache.spark.sql.DataFrameReader.csv(DataFrameReader.scala:533)
	at sun.reflect.NativeMethodAccessorImpl.invoke0(Native Method)
	at sun.reflect.NativeMethodAccessorImpl.invoke(NativeMethodAccessorImpl.java:62)
	at sun.reflect.DelegatingMethodAccessorImpl.invoke(DelegatingMethodAccessorImpl.java:43)
	at java.lang.reflect.Method.invoke(Method.java:498)
	at py4j.reflection.MethodInvoker.invoke(MethodInvoker.java:244)
	at py4j.reflection.ReflectionEngine.invoke(ReflectionEngine.java:357)
	at py4j.Gateway.invoke(Gateway.java:282)
	at py4j.commands.AbstractCommand.invokeMethod(AbstractCommand.java:132)
	at py4j.commands.CallCommand.execute(CallCommand.java:79)
	at py4j.GatewayConnection.run(GatewayConnection.java:238)
	at java.lang.Thread.run(Thread.java:748)


During handling of the above exception, another exception occurred:

Traceback (most recent call last):
  File "<stdin>", line 1, in <module>
  File "/usr/local/spark/python/pyspark/sql/readwriter.py", line 410, in csv
    return self._df(self._jreader.csv(self._spark._sc._jvm.PythonUtils.toSeq(path)))
  File "/usr/local/spark/python/lib/py4j-0.10.7-src.zip/py4j/java_gateway.py", line 1257, in __call__
  File "/usr/local/spark/python/pyspark/sql/utils.py", line 69, in deco
    raise AnalysisException(s.split(': ', 1)[1], stackTrace)
pyspark.sql.utils.AnalysisException: 'Path does not exist: hdfs://localhost:54310/user/hduser/Customer.csv;'
>>> exit()
hduser@hduser-VirtualBox:~$ export HADOOP_CONF_DIR=$HADOOP_HOME/etc/hadoop
hduser@hduser-VirtualBox:~$ hadoop fs -put /home/hduser/Downloads/sharedfolder/Employee.csv /user/hduser
put: `/user/hduser/Employee.csv': File exists
hduser@hduser-VirtualBox:~$ pyspark
Python 3.5.2 (default, Nov 23 2017, 16:37:01) 
[GCC 5.4.0 20160609] on linux
Type "help", "copyright", "credits" or "license" for more information.
Setting default log level to "WARN".
To adjust logging level use sc.setLogLevel(newLevel). For SparkR, use setLogLevel(newLevel).
21/11/17 15:44:36 WARN Utils: Your hostname, hduser-VirtualBox resolves to a loopback address: 127.0.1.1; using 192.168.244.128 instead (on interface ens33)
21/11/17 15:44:36 WARN Utils: Set SPARK_LOCAL_IP if you need to bind to another address
21/11/17 15:44:38 WARN NativeCodeLoader: Unable to load native-hadoop library for your platform... using builtin-java classes where applicable
21/11/17 15:44:50 WARN ObjectStore: Failed to get database global_temp, returning NoSuchObjectException
Welcome to
      ____              __
     / __/__  ___ _____/ /__
    _\ \/ _ \/ _ `/ __/  '_/
   /__ / .__/\_,_/_/ /_/\_\   version 2.2.2
      /_/

Using Python version 3.5.2 (default, Nov 23 2017 16:37:01)
SparkSession available as 'spark'.
>>> spark.read.csv("Employee.csv").show()
+-----+----+-----+----+------+
|  _c0| _c1|  _c2| _c3|   _c4|
+-----+----+-----+----+------+
|   ID|Name| Dept| Yoj|Salary|
|10001|Rose|   IT|2012| 26000|
|10002| Sam|Sales|2012| 22000|
|10003|Mike|   HR|2013| 30000|
|10004|Nick|   SC|2013| 20000|
|10005|John|  Fin|2014| 27000|
+-----+----+-----+----+------+

>>> spark.read.option("header",True).csv("Employee.csv").show()
+-----+----+-----+----+------+
|   ID|Name| Dept| Yoj|Salary|
+-----+----+-----+----+------+
|10001|Rose|   IT|2012| 26000|
|10002| Sam|Sales|2012| 22000|
|10003|Mike|   HR|2013| 30000|
|10004|Nick|   SC|2013| 20000|
|10005|John|  Fin|2014| 27000|
+-----+----+-----+----+------+

>>> spark.sql("select * from nyse.nysedaily").show()
+----------+------------+----------+----------------+----------------+---------------+-----------------+------------+---------------------+
|stexchange|stock_symbol|stock_date|stock_price_open|stock_price_high|stock_price_low|stock_price_close|stock_volume|stock_price_adj_close|
+----------+------------+----------+----------------+----------------+---------------+-----------------+------------+---------------------+
|      NYSE|         JEF|  2/8/2010|            25.4|           25.49|          24.78|            24.82|   1134300.0|                24.82|
|      NYSE|         JEF|  2/5/2010|           24.91|           25.19|          24.08|            25.01|   1765200.0|                25.01|
|      NYSE|         JEF|  2/4/2010|           26.01|            26.2|          24.85|            24.85|   1414400.0|                24.85|
|      NYSE|         JEF|  2/3/2010|           26.23|           26.76|          26.22|            26.29|   1066000.0|                26.29|
|      NYSE|         JEF|  2/2/2010|           26.08|           26.86|          25.78|            26.46|   1496400.0|                26.46|
|      NYSE|         JEF|  2/1/2010|           25.61|           26.11|          25.36|            26.11|   2381800.0|                26.11|
|      NYSE|         JEF| 1/29/2010|           26.57|            26.8|          25.41|            25.54|   2010000.0|                25.54|
|      NYSE|         JEF| 1/28/2010|            27.4|            27.4|          26.35|            26.36|   1708100.0|                26.36|
|      NYSE|         JEF| 1/27/2010|           26.44|           27.15|          26.42|            27.14|   1929700.0|                27.14|
|      NYSE|         JEF| 1/26/2010|           26.68|           26.99|          26.46|             26.5|   1422100.0|                 26.5|
|      NYSE|         JEF| 1/25/2010|           26.88|           27.17|          26.42|            26.73|   1296300.0|                26.73|
|      NYSE|         JEF| 1/22/2010|           26.95|           27.13|          26.48|            26.58|   4806900.0|                26.58|
|      NYSE|         JEF| 1/21/2010|           26.91|           27.15|          25.88|             27.0|   4037000.0|                 27.0|
|      NYSE|         JEF| 1/20/2010|           25.81|           27.72|          25.51|             26.8|   3740600.0|                 26.8|
|      NYSE|         JEF| 1/19/2010|           25.41|           25.94|          25.38|            25.83|   1657700.0|                25.83|
|      NYSE|         JEF| 1/15/2010|           25.72|           26.02|          25.13|            25.48|   3198700.0|                25.48|
|      NYSE|         JEF| 1/14/2010|            25.4|           25.96|          25.22|            25.82|   2090400.0|                25.82|
|      NYSE|         JEF| 1/13/2010|           25.58|           25.62|          25.27|            25.46|   2418900.0|                25.46|
|      NYSE|         JEF| 1/12/2010|           25.61|           25.83|          25.35|            25.53|   3174200.0|                25.53|
|      NYSE|         JEF| 1/11/2010|           26.08|            26.2|          25.73|            25.93|   1534600.0|                25.93|
+----------+------------+----------+----------------+----------------+---------------+-----------------+------------+---------------------+
only showing top 20 rows

>>> spark.sql("select * from nyse.nysedaily where stock_symbol='JEF'").show()
+----------+------------+----------+----------------+----------------+---------------+-----------------+------------+---------------------+
|stexchange|stock_symbol|stock_date|stock_price_open|stock_price_high|stock_price_low|stock_price_close|stock_volume|stock_price_adj_close|
+----------+------------+----------+----------------+----------------+---------------+-----------------+------------+---------------------+
|      NYSE|         JEF|  2/8/2010|            25.4|           25.49|          24.78|            24.82|   1134300.0|                24.82|
|      NYSE|         JEF|  2/5/2010|           24.91|           25.19|          24.08|            25.01|   1765200.0|                25.01|
|      NYSE|         JEF|  2/4/2010|           26.01|            26.2|          24.85|            24.85|   1414400.0|                24.85|
|      NYSE|         JEF|  2/3/2010|           26.23|           26.76|          26.22|            26.29|   1066000.0|                26.29|
|      NYSE|         JEF|  2/2/2010|           26.08|           26.86|          25.78|            26.46|   1496400.0|                26.46|
|      NYSE|         JEF|  2/1/2010|           25.61|           26.11|          25.36|            26.11|   2381800.0|                26.11|
|      NYSE|         JEF| 1/29/2010|           26.57|            26.8|          25.41|            25.54|   2010000.0|                25.54|
|      NYSE|         JEF| 1/28/2010|            27.4|            27.4|          26.35|            26.36|   1708100.0|                26.36|
|      NYSE|         JEF| 1/27/2010|           26.44|           27.15|          26.42|            27.14|   1929700.0|                27.14|
|      NYSE|         JEF| 1/26/2010|           26.68|           26.99|          26.46|             26.5|   1422100.0|                 26.5|
|      NYSE|         JEF| 1/25/2010|           26.88|           27.17|          26.42|            26.73|   1296300.0|                26.73|
|      NYSE|         JEF| 1/22/2010|           26.95|           27.13|          26.48|            26.58|   4806900.0|                26.58|
|      NYSE|         JEF| 1/21/2010|           26.91|           27.15|          25.88|             27.0|   4037000.0|                 27.0|
|      NYSE|         JEF| 1/20/2010|           25.81|           27.72|          25.51|             26.8|   3740600.0|                 26.8|
|      NYSE|         JEF| 1/19/2010|           25.41|           25.94|          25.38|            25.83|   1657700.0|                25.83|
|      NYSE|         JEF| 1/15/2010|           25.72|           26.02|          25.13|            25.48|   3198700.0|                25.48|
|      NYSE|         JEF| 1/14/2010|            25.4|           25.96|          25.22|            25.82|   2090400.0|                25.82|
|      NYSE|         JEF| 1/13/2010|           25.58|           25.62|          25.27|            25.46|   2418900.0|                25.46|
|      NYSE|         JEF| 1/12/2010|           25.61|           25.83|          25.35|            25.53|   3174200.0|                25.53|
|      NYSE|         JEF| 1/11/2010|           26.08|            26.2|          25.73|            25.93|   1534600.0|                25.93|
+----------+------------+----------+----------------+----------------+---------------+-----------------+------------+---------------------+
only showing top 20 rows

hduser@hduser-VirtualBox:~$ hadoop fs -ls /user/hduser
Found 12 items
drwx------   - hduser supergroup          0 2021-11-15 20:38 /user/hduser/.Trash
-rw-r--r--   1 hduser supergroup        158 2021-11-17 15:23 /user/hduser/Employee.csv
drwxr-xr-x   - hduser supergroup          0 2021-11-16 23:13 /user/hduser/json2
drwxr-xr-x   - hduser supergroup          0 2021-11-16 23:07 /user/hduser/json3
drwxr-xr-x   - hduser supergroup          0 2021-11-15 20:34 /user/hduser/mrdata
drwxr-xr-x   - hduser supergroup          0 2021-11-16 17:29 /user/hduser/nyse
drwxr-xr-x   - hduser supergroup          0 2021-11-16 20:39 /user/hduser/nysedaily_bucket
drwxr-xr-x   - hduser supergroup          0 2021-11-16 20:27 /user/hduser/nysedaily_part
drwxr-xr-x   - hduser supergroup          0 2021-11-16 20:09 /user/hduser/nysedaily_part1
drwxr-xr-x   - hduser supergroup          0 2021-11-16 17:29 /user/hduser/nysediv_ext
drwxr-xr-x   - hduser supergroup          0 2021-11-15 21:06 /user/hduser/output2
drwxr-xr-x   - hduser supergroup          0 2021-11-16 21:23 /user/hduser/ssg1

hduser@hduser-VirtualBox:~$ hadoop fs -ls /user/hive/warehouse/nyse.db
Found 2 items
drwxrwxr-x   - hduser supergroup          0 2021-11-16 15:42 /user/hive/warehouse/nyse.db/nysedaily
drwxrwxr-x   - hduser supergroup          0 2021-11-16 21:10 /user/hive/warehouse/nyse.db/stugrades


